// Vitest Snapshot v1, https://vitest.dev/guide/snapshot.html

exports[`Postgres Sync Bucket Storage Compact > compacting (1) 1`] = `
[
  {
    "checkpoint": {
      "buckets": [],
      "last_op_id": "0",
      "streams": [
        {
          "errors": [],
          "is_default": true,
          "name": "by_user",
        },
      ],
      "write_checkpoint": undefined,
    },
  },
  {
    "checkpoint_complete": {
      "last_op_id": "0",
    },
  },
]
`;

exports[`Postgres Sync Bucket Storage Compact > compacting (1) 2`] = `
[
  {
    "checkpoint_diff": {
      "last_op_id": "1",
      "removed_buckets": [],
      "updated_buckets": [
        {
          "bucket": "by_user["user1"]",
          "checksum": 0,
          "count": 0,
          "priority": 3,
          "subscriptions": [
            {
              "default": 0,
            },
          ],
        },
      ],
      "write_checkpoint": undefined,
    },
  },
  {
    "checkpoint_complete": {
      "last_op_id": "1",
    },
  },
]
`;

exports[`Postgres Sync Bucket Storage Compact > compacting (1) 3`] = `
[
  {
    "checkpoint": {
      "buckets": [
        {
          "bucket": "mybucket[]",
          "checksum": -93886621,
          "count": 2,
          "priority": 3,
          "subscriptions": [
            {
              "default": 0,
            },
          ],
        },
      ],
      "last_op_id": "2",
      "streams": [
        {
          "errors": [],
          "is_default": true,
          "name": "mybucket",
        },
      ],
      "write_checkpoint": undefined,
    },
  },
]
`;

exports[`Postgres Sync Bucket Storage Compact > compacting (2) 1`] = `
[
  {
    "token_expires_in": 0,
  },
]
`;
