// Vitest Snapshot v1, https://vitest.dev/guide/snapshot.html

exports[`Postgres Sync Bucket Storage Compact > partial checksums after compacting (2) 1`] = `
{
  "bucket": "1#global[]",
  "checksum": 1196713877,
  "count": 1,
}
`;

exports[`Postgres Sync Bucket Storage Compact > partial checksums after compacting 1`] = `
{
  "bucket": "1#global[]",
  "checksum": -134691003,
  "count": 4,
}
`;
