// Vitest Snapshot v1, https://vitest.dev/guide/snapshot.html

exports[`Mongo Sync Bucket Storage - Data > (insert, delete, insert), (delete) 1`] = `
[
  {
    "checksum": 2871785649,
    "object_id": "test1",
    "op": "PUT",
  },
  {
    "checksum": 2872534815,
    "object_id": "test1",
    "op": "REMOVE",
  },
  {
    "checksum": 2871785649,
    "object_id": "test1",
    "op": "PUT",
  },
  {
    "checksum": 2872534815,
    "object_id": "test1",
    "op": "REMOVE",
  },
]
`;

exports[`Mongo Sync Bucket Storage - Data > (insert, delete, insert), (delete) 2`] = `
[
  {
    "checksum": 2871785649,
    "object_id": "test1",
    "op": "PUT",
  },
  {
    "checksum": 2872534815,
    "object_id": "test1",
    "op": "REMOVE",
  },
  {
    "checksum": 2871785649,
    "object_id": "test1",
    "op": "PUT",
  },
  {
    "checksum": 2872534815,
    "object_id": "test1",
    "op": "REMOVE",
  },
]
`;

exports[`Mongo Sync Bucket Storage - Data > (insert, delete, insert), (delete) 3`] = `
[
  {
    "checksum": 2871785649,
    "object_id": "test1",
    "op": "PUT",
  },
  {
    "checksum": 2872534815,
    "object_id": "test1",
    "op": "REMOVE",
  },
  {
    "checksum": 2871785649,
    "object_id": "test1",
    "op": "PUT",
  },
  {
    "checksum": 2872534815,
    "object_id": "test1",
    "op": "REMOVE",
  },
]
`;

exports[`Mongo Sync Bucket Storage - Data - v1 > (insert, delete, insert), (delete) 1`] = `
[
  {
    "checksum": 2871785649,
    "object_id": "test1",
    "op": "PUT",
  },
  {
    "checksum": 2872534815,
    "object_id": "test1",
    "op": "REMOVE",
  },
  {
    "checksum": 2871785649,
    "object_id": "test1",
    "op": "PUT",
  },
  {
    "checksum": 2872534815,
    "object_id": "test1",
    "op": "REMOVE",
  },
]
`;

exports[`Mongo Sync Bucket Storage - Data - v2 > (insert, delete, insert), (delete) 1`] = `
[
  {
    "checksum": 2871785649,
    "object_id": "test1",
    "op": "PUT",
  },
  {
    "checksum": 2872534815,
    "object_id": "test1",
    "op": "REMOVE",
  },
  {
    "checksum": 2871785649,
    "object_id": "test1",
    "op": "PUT",
  },
  {
    "checksum": 2872534815,
    "object_id": "test1",
    "op": "REMOVE",
  },
]
`;

exports[`Mongo Sync Bucket Storage - Data - v3 > (insert, delete, insert), (delete) 1`] = `
[
  {
    "checksum": 2871785649,
    "object_id": "test1",
    "op": "PUT",
  },
  {
    "checksum": 2872534815,
    "object_id": "test1",
    "op": "REMOVE",
  },
  {
    "checksum": 2871785649,
    "object_id": "test1",
    "op": "PUT",
  },
  {
    "checksum": 2872534815,
    "object_id": "test1",
    "op": "REMOVE",
  },
]
`;

exports[`Mongo Sync Bucket Storage - split buckets > (insert, delete, insert), (delete) 1`] = `
[
  {
    "checksum": 2871785649,
    "object_id": "test1",
    "op": "PUT",
  },
  {
    "checksum": 2872534815,
    "object_id": "test1",
    "op": "REMOVE",
  },
  {
    "checksum": 2871785649,
    "object_id": "test1",
    "op": "PUT",
  },
  {
    "checksum": 2872534815,
    "object_id": "test1",
    "op": "REMOVE",
  },
]
`;

exports[`Mongo Sync Bucket Storage - split operations > (insert, delete, insert), (delete) 1`] = `
[
  {
    "checksum": 2871785649,
    "object_id": "test1",
    "op": "PUT",
  },
  {
    "checksum": 2872534815,
    "object_id": "test1",
    "op": "REMOVE",
  },
  {
    "checksum": 2871785649,
    "object_id": "test1",
    "op": "PUT",
  },
  {
    "checksum": 2872534815,
    "object_id": "test1",
    "op": "REMOVE",
  },
]
`;
