// Vitest Snapshot v1, https://vitest.dev/guide/snapshot.html

exports[`Mongo Sync Bucket Storage - Batched checksums > empty storage metrics 1`] = `
{
  "operations_size_bytes": 0,
  "parameters_size_bytes": 0,
  "replication_size_bytes": 0,
}
`;

exports[`Mongo Sync Bucket Storage - Data > empty storage metrics 1`] = `
{
  "operations_size_bytes": 0,
  "parameters_size_bytes": 0,
  "replication_size_bytes": 0,
}
`;
