// Vitest Snapshot v1, https://vitest.dev/guide/snapshot.html

exports[`pg data types > schema 1`] = `
[
  {
    "name": "public",
    "tables": [
      {
        "columns": [
          {
            "name": "id",
            "pg_type": "int4",
            "type": "integer",
          },
          {
            "name": "text",
            "pg_type": "text",
            "type": "text",
          },
          {
            "name": "uuid",
            "pg_type": "uuid",
            "type": "uuid",
          },
          {
            "name": "varchar",
            "pg_type": "varchar",
            "type": "character varying(255)",
          },
          {
            "name": "bool",
            "pg_type": "bool",
            "type": "boolean",
          },
          {
            "name": "bytea",
            "pg_type": "bytea",
            "type": "bytea",
          },
          {
            "name": "int2",
            "pg_type": "int2",
            "type": "smallint",
          },
          {
            "name": "int4",
            "pg_type": "int4",
            "type": "integer",
          },
          {
            "name": "int8",
            "pg_type": "int8",
            "type": "bigint",
          },
          {
            "name": "float4",
            "pg_type": "float4",
            "type": "real",
          },
          {
            "name": "float8",
            "pg_type": "float8",
            "type": "double precision",
          },
          {
            "name": "numeric",
            "pg_type": "numeric",
            "type": "numeric",
          },
          {
            "name": "json",
            "pg_type": "json",
            "type": "json",
          },
          {
            "name": "jsonb",
            "pg_type": "jsonb",
            "type": "jsonb",
          },
          {
            "name": "pg_lsn",
            "pg_type": "pg_lsn",
            "type": "pg_lsn",
          },
          {
            "name": "date",
            "pg_type": "date",
            "type": "date",
          },
          {
            "name": "time",
            "pg_type": "time",
            "type": "time without time zone",
          },
          {
            "name": "timestamp",
            "pg_type": "timestamp",
            "type": "timestamp without time zone",
          },
          {
            "name": "timestamptz",
            "pg_type": "timestamptz",
            "type": "timestamp with time zone",
          },
          {
            "name": "interval",
            "pg_type": "interval",
            "type": "interval",
          },
          {
            "name": "macaddr",
            "pg_type": "macaddr",
            "type": "macaddr",
          },
          {
            "name": "inet",
            "pg_type": "inet",
            "type": "inet",
          },
          {
            "name": "oid",
            "pg_type": "oid",
            "type": "oid",
          },
        ],
        "name": "test_data",
      },
      {
        "columns": [
          {
            "name": "id",
            "pg_type": "int4",
            "type": "integer",
          },
          {
            "name": "text",
            "pg_type": "text[]",
            "type": "text[]",
          },
          {
            "name": "uuid",
            "pg_type": "uuid[]",
            "type": "uuid[]",
          },
          {
            "name": "varchar",
            "pg_type": "varchar[]",
            "type": "character varying(255)[]",
          },
          {
            "name": "bool",
            "pg_type": "bool[]",
            "type": "boolean[]",
          },
          {
            "name": "bytea",
            "pg_type": "bytea[]",
            "type": "bytea[]",
          },
          {
            "name": "int2",
            "pg_type": "int2[]",
            "type": "smallint[]",
          },
          {
            "name": "int4",
            "pg_type": "int4[]",
            "type": "integer[]",
          },
          {
            "name": "int8",
            "pg_type": "int8[]",
            "type": "bigint[]",
          },
          {
            "name": "float4",
            "pg_type": "float4[]",
            "type": "real[]",
          },
          {
            "name": "float8",
            "pg_type": "float8[]",
            "type": "double precision[]",
          },
          {
            "name": "numeric",
            "pg_type": "numeric[]",
            "type": "numeric[]",
          },
          {
            "name": "json",
            "pg_type": "json[]",
            "type": "json[]",
          },
          {
            "name": "jsonb",
            "pg_type": "jsonb[]",
            "type": "jsonb[]",
          },
          {
            "name": "pg_lsn",
            "pg_type": "pg_lsn[]",
            "type": "pg_lsn[]",
          },
          {
            "name": "date",
            "pg_type": "date[]",
            "type": "date[]",
          },
          {
            "name": "time",
            "pg_type": "time[]",
            "type": "time without time zone[]",
          },
          {
            "name": "timestamp",
            "pg_type": "timestamp[]",
            "type": "timestamp without time zone[]",
          },
          {
            "name": "timestamptz",
            "pg_type": "timestamptz[]",
            "type": "timestamp with time zone[]",
          },
          {
            "name": "interval",
            "pg_type": "interval[]",
            "type": "interval[]",
          },
          {
            "name": "macaddr",
            "pg_type": "macaddr[]",
            "type": "macaddr[]",
          },
          {
            "name": "inet",
            "pg_type": "inet[]",
            "type": "inet[]",
          },
          {
            "name": "oid",
            "pg_type": "oid[]",
            "type": "oid[]",
          },
          {
            "name": "multidimensional",
            "pg_type": "text[]",
            "type": "text[]",
          },
        ],
        "name": "test_data_arrays",
      },
    ],
  },
]
`;
